// Jest Snapshot v1, https://goo.gl/fbAQLP

exports[`Button renders correctly 1`] = `
<View
  accessibilityComponentType={undefined}
  accessibilityLabel={undefined}
  accessibilityTraits={undefined}
  accessible={true}
  collapsable={undefined}
  hasTVPreferredFocus={undefined}
  hitSlop={undefined}
  isTVSelectable={true}
  nativeID={undefined}
  onLayout={undefined}
  onResponderGrant={[Function]}
  onResponderMove={[Function]}
  onResponderRelease={[Function]}
  onResponderTerminate={[Function]}
  onResponderTerminationRequest={[Function]}
  onStartShouldSetResponder={[Function]}
  style={
    Object {
      "opacity": 1,
    }
  }
  testID={undefined}
  tvParallaxProperties={undefined}
>
  <View
    style={
      Array [
        Object {
          "backgroundColor": "grey",
          "marginBottom": 10,
          "marginTop": 10,
          "paddingBottom": 10,
          "paddingLeft": 40,
          "paddingRight": 40,
          "paddingTop": 10,
          "width": 600,
        },
        Object {},
      ]
    }
  >
    <Text
      accessible={true}
      allowFontScaling={true}
      ellipsizeMode="tail"
      style={
        Object {
          "color": "white",
          "fontSize": 14,
          "textAlign": "center",
        }
      }
    >
      TEST
    </Text>
  </View>
</View>
`;
